2026-06-03 18:37:48 | INFO    | alembic.runtime.plugins | setup plugin alembic.autogenerate.schemas
2026-06-03 18:37:48 | INFO    | alembic.runtime.plugins | setup plugin alembic.autogenerate.tables
2026-06-03 18:37:48 | INFO    | alembic.runtime.plugins | setup plugin alembic.autogenerate.types
2026-06-03 18:37:48 | INFO    | alembic.runtime.plugins | setup plugin alembic.autogenerate.constraints
2026-06-03 18:37:48 | INFO    | alembic.runtime.plugins | setup plugin alembic.autogenerate.defaults
2026-06-03 18:37:48 | INFO    | alembic.runtime.plugins | setup plugin alembic.autogenerate.comments
2026-06-03 18:38:07 | INFO    | alembic.runtime.plugins | setup plugin alembic.autogenerate.schemas
2026-06-03 18:38:07 | INFO    | alembic.runtime.plugins | setup plugin alembic.autogenerate.tables
2026-06-03 18:38:07 | INFO    | alembic.runtime.plugins | setup plugin alembic.autogenerate.types
2026-06-03 18:38:07 | INFO    | alembic.runtime.plugins | setup plugin alembic.autogenerate.constraints
2026-06-03 18:38:07 | INFO    | alembic.runtime.plugins | setup plugin alembic.autogenerate.defaults
2026-06-03 18:38:07 | INFO    | alembic.runtime.plugins | setup plugin alembic.autogenerate.comments
2026-06-03 18:38:20 | INFO    | alembic.runtime.plugins | setup plugin alembic.autogenerate.schemas
2026-06-03 18:38:20 | INFO    | alembic.runtime.plugins | setup plugin alembic.autogenerate.tables
2026-06-03 18:38:20 | INFO    | alembic.runtime.plugins | setup plugin alembic.autogenerate.types
2026-06-03 18:38:20 | INFO    | alembic.runtime.plugins | setup plugin alembic.autogenerate.constraints
2026-06-03 18:38:20 | INFO    | alembic.runtime.plugins | setup plugin alembic.autogenerate.defaults
2026-06-03 18:38:20 | INFO    | alembic.runtime.plugins | setup plugin alembic.autogenerate.comments
2026-06-03 18:40:19 | INFO    | alembic.runtime.plugins | setup plugin alembic.autogenerate.schemas
2026-06-03 18:40:19 | INFO    | alembic.runtime.plugins | setup plugin alembic.autogenerate.tables
2026-06-03 18:40:19 | INFO    | alembic.runtime.plugins | setup plugin alembic.autogenerate.types
2026-06-03 18:40:19 | INFO    | alembic.runtime.plugins | setup plugin alembic.autogenerate.constraints
2026-06-03 18:40:19 | INFO    | alembic.runtime.plugins | setup plugin alembic.autogenerate.defaults
2026-06-03 18:40:19 | INFO    | alembic.runtime.plugins | setup plugin alembic.autogenerate.comments
2026-06-03 18:40:38 | INFO    | alembic.runtime.plugins | setup plugin alembic.autogenerate.schemas
2026-06-03 18:40:38 | INFO    | alembic.runtime.plugins | setup plugin alembic.autogenerate.tables
2026-06-03 18:40:38 | INFO    | alembic.runtime.plugins | setup plugin alembic.autogenerate.types
2026-06-03 18:40:38 | INFO    | alembic.runtime.plugins | setup plugin alembic.autogenerate.constraints
2026-06-03 18:40:38 | INFO    | alembic.runtime.plugins | setup plugin alembic.autogenerate.defaults
2026-06-03 18:40:38 | INFO    | alembic.runtime.plugins | setup plugin alembic.autogenerate.comments
2026-06-03 18:40:51 | INFO    | alembic.runtime.plugins | setup plugin alembic.autogenerate.schemas
2026-06-03 18:40:51 | INFO    | alembic.runtime.plugins | setup plugin alembic.autogenerate.tables
2026-06-03 18:40:51 | INFO    | alembic.runtime.plugins | setup plugin alembic.autogenerate.types
2026-06-03 18:40:51 | INFO    | alembic.runtime.plugins | setup plugin alembic.autogenerate.constraints
2026-06-03 18:40:51 | INFO    | alembic.runtime.plugins | setup plugin alembic.autogenerate.defaults
2026-06-03 18:40:51 | INFO    | alembic.runtime.plugins | setup plugin alembic.autogenerate.comments
2026-06-03 18:41:16 | INFO    | alembic.runtime.plugins | setup plugin alembic.autogenerate.schemas
2026-06-03 18:41:16 | INFO    | alembic.runtime.plugins | setup plugin alembic.autogenerate.tables
2026-06-03 18:41:16 | INFO    | alembic.runtime.plugins | setup plugin alembic.autogenerate.types
2026-06-03 18:41:16 | INFO    | alembic.runtime.plugins | setup plugin alembic.autogenerate.constraints
2026-06-03 18:41:16 | INFO    | alembic.runtime.plugins | setup plugin alembic.autogenerate.defaults
2026-06-03 18:41:16 | INFO    | alembic.runtime.plugins | setup plugin alembic.autogenerate.comments
2026-06-03 18:41:29 | INFO    | alembic.runtime.plugins | setup plugin alembic.autogenerate.schemas
2026-06-03 18:41:29 | INFO    | alembic.runtime.plugins | setup plugin alembic.autogenerate.tables
2026-06-03 18:41:29 | INFO    | alembic.runtime.plugins | setup plugin alembic.autogenerate.types
2026-06-03 18:41:29 | INFO    | alembic.runtime.plugins | setup plugin alembic.autogenerate.constraints
2026-06-03 18:41:29 | INFO    | alembic.runtime.plugins | setup plugin alembic.autogenerate.defaults
2026-06-03 18:41:29 | INFO    | alembic.runtime.plugins | setup plugin alembic.autogenerate.comments
2026-06-03 18:41:44 | INFO    | alembic.runtime.plugins | setup plugin alembic.autogenerate.schemas
2026-06-03 18:41:44 | INFO    | alembic.runtime.plugins | setup plugin alembic.autogenerate.tables
2026-06-03 18:41:44 | INFO    | alembic.runtime.plugins | setup plugin alembic.autogenerate.types
2026-06-03 18:41:44 | INFO    | alembic.runtime.plugins | setup plugin alembic.autogenerate.constraints
2026-06-03 18:41:44 | INFO    | alembic.runtime.plugins | setup plugin alembic.autogenerate.defaults
2026-06-03 18:41:44 | INFO    | alembic.runtime.plugins | setup plugin alembic.autogenerate.comments
2026-06-03 18:42:04 | INFO    | alembic.runtime.plugins | setup plugin alembic.autogenerate.schemas
2026-06-03 18:42:04 | INFO    | alembic.runtime.plugins | setup plugin alembic.autogenerate.tables
2026-06-03 18:42:04 | INFO    | alembic.runtime.plugins | setup plugin alembic.autogenerate.types
2026-06-03 18:42:04 | INFO    | alembic.runtime.plugins | setup plugin alembic.autogenerate.constraints
2026-06-03 18:42:04 | INFO    | alembic.runtime.plugins | setup plugin alembic.autogenerate.defaults
2026-06-03 18:42:04 | INFO    | alembic.runtime.plugins | setup plugin alembic.autogenerate.comments
2026-06-03 18:42:13 | INFO    | alembic.runtime.plugins | setup plugin alembic.autogenerate.schemas
2026-06-03 18:42:13 | INFO    | alembic.runtime.plugins | setup plugin alembic.autogenerate.tables
2026-06-03 18:42:13 | INFO    | alembic.runtime.plugins | setup plugin alembic.autogenerate.types
2026-06-03 18:42:13 | INFO    | alembic.runtime.plugins | setup plugin alembic.autogenerate.constraints
2026-06-03 18:42:13 | INFO    | alembic.runtime.plugins | setup plugin alembic.autogenerate.defaults
2026-06-03 18:42:13 | INFO    | alembic.runtime.plugins | setup plugin alembic.autogenerate.comments
2026-06-03 18:42:41 | INFO    | alembic.runtime.plugins | setup plugin alembic.autogenerate.schemas
2026-06-03 18:42:41 | INFO    | alembic.runtime.plugins | setup plugin alembic.autogenerate.tables
2026-06-03 18:42:41 | INFO    | alembic.runtime.plugins | setup plugin alembic.autogenerate.types
2026-06-03 18:42:41 | INFO    | alembic.runtime.plugins | setup plugin alembic.autogenerate.constraints
2026-06-03 18:42:41 | INFO    | alembic.runtime.plugins | setup plugin alembic.autogenerate.defaults
2026-06-03 18:42:41 | INFO    | alembic.runtime.plugins | setup plugin alembic.autogenerate.comments
2026-06-03 18:42:54 | INFO    | alembic.runtime.plugins | setup plugin alembic.autogenerate.schemas
2026-06-03 18:42:54 | INFO    | alembic.runtime.plugins | setup plugin alembic.autogenerate.tables
2026-06-03 18:42:54 | INFO    | alembic.runtime.plugins | setup plugin alembic.autogenerate.types
2026-06-03 18:42:54 | INFO    | alembic.runtime.plugins | setup plugin alembic.autogenerate.constraints
2026-06-03 18:42:54 | INFO    | alembic.runtime.plugins | setup plugin alembic.autogenerate.defaults
2026-06-03 18:42:54 | INFO    | alembic.runtime.plugins | setup plugin alembic.autogenerate.comments
2026-06-03 18:43:19 | INFO    | alembic.runtime.plugins | setup plugin alembic.autogenerate.schemas
2026-06-03 18:43:19 | INFO    | alembic.runtime.plugins | setup plugin alembic.autogenerate.tables
2026-06-03 18:43:19 | INFO    | alembic.runtime.plugins | setup plugin alembic.autogenerate.types
2026-06-03 18:43:19 | INFO    | alembic.runtime.plugins | setup plugin alembic.autogenerate.constraints
2026-06-03 18:43:19 | INFO    | alembic.runtime.plugins | setup plugin alembic.autogenerate.defaults
2026-06-03 18:43:19 | INFO    | alembic.runtime.plugins | setup plugin alembic.autogenerate.comments
2026-06-03 18:43:43 | INFO    | alembic.runtime.plugins | setup plugin alembic.autogenerate.schemas
2026-06-03 18:43:43 | INFO    | alembic.runtime.plugins | setup plugin alembic.autogenerate.tables
2026-06-03 18:43:43 | INFO    | alembic.runtime.plugins | setup plugin alembic.autogenerate.types
2026-06-03 18:43:43 | INFO    | alembic.runtime.plugins | setup plugin alembic.autogenerate.constraints
2026-06-03 18:43:43 | INFO    | alembic.runtime.plugins | setup plugin alembic.autogenerate.defaults
2026-06-03 18:43:43 | INFO    | alembic.runtime.plugins | setup plugin alembic.autogenerate.comments
2026-06-03 18:43:54 | INFO    | alembic.runtime.plugins | setup plugin alembic.autogenerate.schemas
2026-06-03 18:43:54 | INFO    | alembic.runtime.plugins | setup plugin alembic.autogenerate.tables
2026-06-03 18:43:54 | INFO    | alembic.runtime.plugins | setup plugin alembic.autogenerate.types
2026-06-03 18:43:54 | INFO    | alembic.runtime.plugins | setup plugin alembic.autogenerate.constraints
2026-06-03 18:43:54 | INFO    | alembic.runtime.plugins | setup plugin alembic.autogenerate.defaults
2026-06-03 18:43:54 | INFO    | alembic.runtime.plugins | setup plugin alembic.autogenerate.comments
2026-06-03 18:44:04 | INFO    | alembic.runtime.plugins | setup plugin alembic.autogenerate.schemas
2026-06-03 18:44:04 | INFO    | alembic.runtime.plugins | setup plugin alembic.autogenerate.tables
2026-06-03 18:44:04 | INFO    | alembic.runtime.plugins | setup plugin alembic.autogenerate.types
2026-06-03 18:44:04 | INFO    | alembic.runtime.plugins | setup plugin alembic.autogenerate.constraints
2026-06-03 18:44:04 | INFO    | alembic.runtime.plugins | setup plugin alembic.autogenerate.defaults
2026-06-03 18:44:04 | INFO    | alembic.runtime.plugins | setup plugin alembic.autogenerate.comments
2026-06-03 18:44:18 | INFO    | alembic.runtime.plugins | setup plugin alembic.autogenerate.schemas
2026-06-03 18:44:18 | INFO    | alembic.runtime.plugins | setup plugin alembic.autogenerate.tables
2026-06-03 18:44:18 | INFO    | alembic.runtime.plugins | setup plugin alembic.autogenerate.types
2026-06-03 18:44:18 | INFO    | alembic.runtime.plugins | setup plugin alembic.autogenerate.constraints
2026-06-03 18:44:18 | INFO    | alembic.runtime.plugins | setup plugin alembic.autogenerate.defaults
2026-06-03 18:44:18 | INFO    | alembic.runtime.plugins | setup plugin alembic.autogenerate.comments
2026-06-03 18:46:32 | INFO    | alembic.runtime.plugins | setup plugin alembic.autogenerate.schemas
2026-06-03 18:46:32 | INFO    | alembic.runtime.plugins | setup plugin alembic.autogenerate.tables
2026-06-03 18:46:32 | INFO    | alembic.runtime.plugins | setup plugin alembic.autogenerate.types
2026-06-03 18:46:32 | INFO    | alembic.runtime.plugins | setup plugin alembic.autogenerate.constraints
2026-06-03 18:46:32 | INFO    | alembic.runtime.plugins | setup plugin alembic.autogenerate.defaults
2026-06-03 18:46:32 | INFO    | alembic.runtime.plugins | setup plugin alembic.autogenerate.comments
2026-06-03 18:58:34 | INFO    | alembic.runtime.plugins | setup plugin alembic.autogenerate.schemas
2026-06-03 18:58:34 | INFO    | alembic.runtime.plugins | setup plugin alembic.autogenerate.tables
2026-06-03 18:58:34 | INFO    | alembic.runtime.plugins | setup plugin alembic.autogenerate.types
2026-06-03 18:58:34 | INFO    | alembic.runtime.plugins | setup plugin alembic.autogenerate.constraints
2026-06-03 18:58:34 | INFO    | alembic.runtime.plugins | setup plugin alembic.autogenerate.defaults
2026-06-03 18:58:34 | INFO    | alembic.runtime.plugins | setup plugin alembic.autogenerate.comments
2026-06-03 18:58:47 | INFO    | alembic.runtime.plugins | setup plugin alembic.autogenerate.schemas
2026-06-03 18:58:47 | INFO    | alembic.runtime.plugins | setup plugin alembic.autogenerate.tables
2026-06-03 18:58:47 | INFO    | alembic.runtime.plugins | setup plugin alembic.autogenerate.types
2026-06-03 18:58:47 | INFO    | alembic.runtime.plugins | setup plugin alembic.autogenerate.constraints
2026-06-03 18:58:47 | INFO    | alembic.runtime.plugins | setup plugin alembic.autogenerate.defaults
2026-06-03 18:58:47 | INFO    | alembic.runtime.plugins | setup plugin alembic.autogenerate.comments
2026-06-03 19:00:21 | INFO    | alembic.runtime.plugins | setup plugin alembic.autogenerate.schemas
2026-06-03 19:00:21 | INFO    | alembic.runtime.plugins | setup plugin alembic.autogenerate.tables
2026-06-03 19:00:21 | INFO    | alembic.runtime.plugins | setup plugin alembic.autogenerate.types
2026-06-03 19:00:21 | INFO    | alembic.runtime.plugins | setup plugin alembic.autogenerate.constraints
2026-06-03 19:00:21 | INFO    | alembic.runtime.plugins | setup plugin alembic.autogenerate.defaults
2026-06-03 19:00:21 | INFO    | alembic.runtime.plugins | setup plugin alembic.autogenerate.comments
